<html>
<body>
<pre>
<h1>╡Vision Build Log</h1>
<h2>Project:</h2>
C:\!\!\F1\!83\v10.05\Project\Example\MDK-ARM\Project.uvproj
Project File Date:  09/17/2014

<h2>Output:</h2>
Rebuild target 'STM32F103C8'
compiling main.c...
compiling adc.c...
compiling crc16.c...
compiling dft.c...
compiling flash.c...
compiling fram.c...
compiling rtc.c...
compiling time.c...
compiling oscill.c...
compiling uart.c...
compiling table1.c...
compiling retarget.c...
compiling stm32f10x_rcc.c...
compiling stm32f10x_gpio.c...
compiling misc.c...
compiling stm32f10x_exti.c...
compiling stm32f10x_spi.c...
compiling stm32f10x_fsmc.c...
compiling stm32f10x_usart.c...
compiling stm32f10x_sdio.c...
compiling stm32f10x_dma.c...
compiling stm32f10x_i2c.c...
compiling stm32f10x_adc.c...
compiling stm32f10x_bkp.c...
compiling stm32f10x_can.c...
compiling stm32f10x_cec.c...
compiling stm32f10x_crc.c...
compiling stm32f10x_dac.c...
compiling stm32f10x_dbgmcu.c...
compiling stm32f10x_flash.c...
compiling stm32f10x_iwdg.c...
compiling stm32f10x_pwr.c...
compiling stm32f10x_rtc.c...
compiling stm32f10x_tim.c...
compiling stm32f10x_wwdg.c...
compiling core_cm3.c...
compiling system_stm32f10x.c...
assembling startup_stm32f10x_md.s...
linking...
Program Size: Code=4544 RO-data=10192 RW-data=244 ZI-data=19984  
After Build - User command #1: C:\!\!\F1\!83\v10.05\keilkill.bat
C:\!\!\F1\!83\v10.05\Project\Example\MDK-ARM>del *.bak /s 
Не удается найти C:\!\!\F1\!83\v10.05\Project\Example\MDK-ARM\*.bak
C:\!\!\F1\!83\v10.05\Project\Example\MDK-ARM>del *.ddk /s 
Не удается найти C:\!\!\F1\!83\v10.05\Project\Example\MDK-ARM\*.ddk
C:\!\!\F1\!83\v10.05\Project\Example\MDK-ARM>del *.edk /s 
Не удается найти C:\!\!\F1\!83\v10.05\Project\Example\MDK-ARM\*.edk
C:\!\!\F1\!83\v10.05\Project\Example\MDK-ARM>del *.lst /s 
Не удается найти C:\!\!\F1\!83\v10.05\Project\Example\MDK-ARM\*.lst
C:\!\!\F1\!83\v10.05\Project\Example\MDK-ARM>del *.lnp /s 
Удален файл - C:\!\!\F1\!83\v10.05\Project\Example\MDK-ARM\Obj\STM32F103C8.lnp
C:\!\!\F1\!83\v10.05\Project\Example\MDK-ARM>del *.mpf /s 
Не удается найти C:\!\!\F1\!83\v10.05\Project\Example\MDK-ARM\*.mpf
C:\!\!\F1\!83\v10.05\Project\Example\MDK-ARM>del *.mpj /s 
Не удается найти C:\!\!\F1\!83\v10.05\Project\Example\MDK-ARM\*.mpj
C:\!\!\F1\!83\v10.05\Project\Example\MDK-ARM>del *.obj /s 
Не удается найти C:\!\!\F1\!83\v10.05\Project\Example\MDK-ARM\*.obj
C:\!\!\F1\!83\v10.05\Project\Example\MDK-ARM>del *.omf /s 
Не удается найти C:\!\!\F1\!83\v10.05\Project\Example\MDK-ARM\*.omf
C:\!\!\F1\!83\v10.05\Project\Example\MDK-ARM>del *.plg /s 
Не удается найти C:\!\!\F1\!83\v10.05\Project\Example\MDK-ARM\*.plg
C:\!\!\F1\!83\v10.05\Project\Example\MDK-ARM>del *.rpt /s 
Не удается найти C:\!\!\F1\!83\v10.05\Project\Example\MDK-ARM\*.rpt
C:\!\!\F1\!83\v10.05\Project\Example\MDK-ARM>del *.tmp /s 
Не удается найти C:\!\!\F1\!83\v10.05\Project\Example\MDK-ARM\*.tmp
C:\!\!\F1\!83\v10.05\Project\Example\MDK-ARM>del *.__i /s 
Удален файл - C:\!\!\F1\!83\v10.05\Project\Example\MDK-ARM\Obj\adc.__i
Удален файл - C:\!\!\F1\!83\v10.05\Project\Example\MDK-ARM\Obj\core_cm3.__i
Удален файл - C:\!\!\F1\!83\v10.05\Project\Example\MDK-ARM\Obj\crc16.__i
Удален файл - C:\!\!\F1\!83\v10.05\Project\Example\MDK-ARM\Obj\dft.__i
Удален файл - C:\!\!\F1\!83\v10.05\Project\Example\MDK-ARM\Obj\flash.__i
Удален файл - C:\!\!\F1\!83\v10.05\Project\Example\MDK-ARM\Obj\fram.__i
Удален файл - C:\!\!\F1\!83\v10.05\Project\Example\MDK-ARM\Obj\main.__i
Удален файл - C:\!\!\F1\!83\v10.05\Project\Example\MDK-ARM\Obj\misc.__i
Удален файл - C:\!\!\F1\!83\v10.05\Project\Example\MDK-ARM\Obj\oscill.__i
Удален файл - C:\!\!\F1\!83\v10.05\Project\Example\MDK-ARM\Obj\retarget.__i
Удален файл - C:\!\!\F1\!83\v10.05\Project\Example\MDK-ARM\Obj\rtc.__i
Удален файл - C:\!\!\F1\!83\v10.05\Project\Example\MDK-ARM\Obj\stm32f10x_adc.__i
Удален файл - C:\!\!\F1\!83\v10.05\Project\Example\MDK-ARM\Obj\stm32f10x_bkp.__i
Удален файл - C:\!\!\F1\!83\v10.05\Project\Example\MDK-ARM\Obj\stm32f10x_can.__i
Удален файл - C:\!\!\F1\!83\v10.05\Project\Example\MDK-ARM\Obj\stm32f10x_cec.__i
Удален файл - C:\!\!\F1\!83\v10.05\Project\Example\MDK-ARM\Obj\stm32f10x_crc.__i
Удален файл - C:\!\!\F1\!83\v10.05\Project\Example\MDK-ARM\Obj\stm32f10x_dac.__i
Удален файл - C:\!\!\F1\!83\v10.05\Project\Example\MDK-ARM\Obj\stm32f10x_dbgmcu.__i
Удален файл - C:\!\!\F1\!83\v10.05\Project\Example\MDK-ARM\Obj\stm32f10x_dma.__i
Удален файл - C:\!\!\F1\!83\v10.05\Project\Example\MDK-ARM\Obj\stm32f10x_exti.__i
Удален файл - C:\!\!\F1\!83\v10.05\Project\Example\MDK-ARM\Obj\stm32f10x_flash.__i
Удален файл - C:\!\!\F1\!83\v10.05\Project\Example\MDK-ARM\Obj\stm32f10x_fsmc.__i
Удален файл - C:\!\!\F1\!83\v10.05\Project\Example\MDK-ARM\Obj\stm32f10x_gpio.__i
Удален файл - C:\!\!\F1\!83\v10.05\Project\Example\MDK-ARM\Obj\stm32f10x_i2c.__i
Удален файл - C:\!\!\F1\!83\v10.05\Project\Example\MDK-ARM\Obj\stm32f10x_iwdg.__i
Удален файл - C:\!\!\F1\!83\v10.05\Project\Example\MDK-ARM\Obj\stm32f10x_pwr.__i
Удален файл - C:\!\!\F1\!83\v10.05\Project\Example\MDK-ARM\Obj\stm32f10x_rcc.__i
Удален файл - C:\!\!\F1\!83\v10.05\Project\Example\MDK-ARM\Obj\stm32f10x_rtc.__i
Удален файл - C:\!\!\F1\!83\v10.05\Project\Example\MDK-ARM\Obj\stm32f10x_sdio.__i
Удален файл - C:\!\!\F1\!83\v10.05\Project\Example\MDK-ARM\Obj\stm32f10x_spi.__i
Удален файл - C:\!\!\F1\!83\v10.05\Project\Example\MDK-ARM\Obj\stm32f10x_tim.__i
Удален файл - C:\!\!\F1\!83\v10.05\Project\Example\MDK-ARM\Obj\stm32f10x_usart.__i
Удален файл - C:\!\!\F1\!83\v10.05\Project\Example\MDK-ARM\Obj\stm32f10x_wwdg.__i
Удален файл - C:\!\!\F1\!83\v10.05\Project\Example\MDK-ARM\Obj\system_stm32f10x.__i
Удален файл - C:\!\!\F1\!83\v10.05\Project\Example\MDK-ARM\Obj\table1.__i
Удален файл - C:\!\!\F1\!83\v10.05\Project\Example\MDK-ARM\Obj\time.__i
Удален файл - C:\!\!\F1\!83\v10.05\Project\Example\MDK-ARM\Obj\uart.__i
C:\!\!\F1\!83\v10.05\Project\Example\MDK-ARM>del *.crf /s 
Удален файл - C:\!\!\F1\!83\v10.05\Project\Example\MDK-ARM\Obj\adc.crf
Удален файл - C:\!\!\F1\!83\v10.05\Project\Example\MDK-ARM\Obj\core_cm3.crf
Удален файл - C:\!\!\F1\!83\v10.05\Project\Example\MDK-ARM\Obj\crc16.crf
Удален файл - C:\!\!\F1\!83\v10.05\Project\Example\MDK-ARM\Obj\dft.crf
Удален файл - C:\!\!\F1\!83\v10.05\Project\Example\MDK-ARM\Obj\flash.crf
Удален файл - C:\!\!\F1\!83\v10.05\Project\Example\MDK-ARM\Obj\fram.crf
Удален файл - C:\!\!\F1\!83\v10.05\Project\Example\MDK-ARM\Obj\main.crf
Удален файл - C:\!\!\F1\!83\v10.05\Project\Example\MDK-ARM\Obj\misc.crf
Удален файл - C:\!\!\F1\!83\v10.05\Project\Example\MDK-ARM\Obj\oscill.crf
Удален файл - C:\!\!\F1\!83\v10.05\Project\Example\MDK-ARM\Obj\retarget.crf
Удален файл - C:\!\!\F1\!83\v10.05\Project\Example\MDK-ARM\Obj\rtc.crf
Удален файл - C:\!\!\F1\!83\v10.05\Project\Example\MDK-ARM\Obj\stm32f10x_adc.crf
Удален файл - C:\!\!\F1\!83\v10.05\Project\Example\MDK-ARM\Obj\stm32f10x_bkp.crf
Удален файл - C:\!\!\F1\!83\v10.05\Project\Example\MDK-ARM\Obj\stm32f10x_can.crf
Удален файл - C:\!\!\F1\!83\v10.05\Project\Example\MDK-ARM\Obj\stm32f10x_cec.crf
Удален файл - C:\!\!\F1\!83\v10.05\Project\Example\MDK-ARM\Obj\stm32f10x_crc.crf
Удален файл - C:\!\!\F1\!83\v10.05\Project\Example\MDK-ARM\Obj\stm32f10x_dac.crf
Удален файл - C:\!\!\F1\!83\v10.05\Project\Example\MDK-ARM\Obj\stm32f10x_dbgmcu.crf
Удален файл - C:\!\!\F1\!83\v10.05\Project\Example\MDK-ARM\Obj\stm32f10x_dma.crf
Удален файл - C:\!\!\F1\!83\v10.05\Project\Example\MDK-ARM\Obj\stm32f10x_exti.crf
Удален файл - C:\!\!\F1\!83\v10.05\Project\Example\MDK-ARM\Obj\stm32f10x_flash.crf
Удален файл - C:\!\!\F1\!83\v10.05\Project\Example\MDK-ARM\Obj\stm32f10x_fsmc.crf
Удален файл - C:\!\!\F1\!83\v10.05\Project\Example\MDK-ARM\Obj\stm32f10x_gpio.crf
Удален файл - C:\!\!\F1\!83\v10.05\Project\Example\MDK-ARM\Obj\stm32f10x_i2c.crf
Удален файл - C:\!\!\F1\!83\v10.05\Project\Example\MDK-ARM\Obj\stm32f10x_iwdg.crf
Удален файл - C:\!\!\F1\!83\v10.05\Project\Example\MDK-ARM\Obj\stm32f10x_pwr.crf
Удален файл - C:\!\!\F1\!83\v10.05\Project\Example\MDK-ARM\Obj\stm32f10x_rcc.crf
Удален файл - C:\!\!\F1\!83\v10.05\Project\Example\MDK-ARM\Obj\stm32f10x_rtc.crf
Удален файл - C:\!\!\F1\!83\v10.05\Project\Example\MDK-ARM\Obj\stm32f10x_sdio.crf
Удален файл - C:\!\!\F1\!83\v10.05\Project\Example\MDK-ARM\Obj\stm32f10x_spi.crf
Удален файл - C:\!\!\F1\!83\v10.05\Project\Example\MDK-ARM\Obj\stm32f10x_tim.crf
Удален файл - C:\!\!\F1\!83\v10.05\Project\Example\MDK-ARM\Obj\stm32f10x_usart.crf
Удален файл - C:\!\!\F1\!83\v10.05\Project\Example\MDK-ARM\Obj\stm32f10x_wwdg.crf
Удален файл - C:\!\!\F1\!83\v10.05\Project\Example\MDK-ARM\Obj\system_stm32f10x.crf
Удален файл - C:\!\!\F1\!83\v10.05\Project\Example\MDK-ARM\Obj\table1.crf
Удален файл - C:\!\!\F1\!83\v10.05\Project\Example\MDK-ARM\Obj\time.crf
Удален файл - C:\!\!\F1\!83\v10.05\Project\Example\MDK-ARM\Obj\uart.crf
C:\!\!\F1\!83\v10.05\Project\Example\MDK-ARM>del *.o /s 
Удален файл - C:\!\!\F1\!83\v10.05\Project\Example\MDK-ARM\Obj\adc.o
Удален файл - C:\!\!\F1\!83\v10.05\Project\Example\MDK-ARM\Obj\core_cm3.o
Удален файл - C:\!\!\F1\!83\v10.05\Project\Example\MDK-ARM\Obj\crc16.o
Удален файл - C:\!\!\F1\!83\v10.05\Project\Example\MDK-ARM\Obj\dft.o
Удален файл - C:\!\!\F1\!83\v10.05\Project\Example\MDK-ARM\Obj\flash.o
Удален файл - C:\!\!\F1\!83\v10.05\Project\Example\MDK-ARM\Obj\fram.o
Удален файл - C:\!\!\F1\!83\v10.05\Project\Example\MDK-ARM\Obj\main.o
Удален файл - C:\!\!\F1\!83\v10.05\Project\Example\MDK-ARM\Obj\misc.o
Удален файл - C:\!\!\F1\!83\v10.05\Project\Example\MDK-ARM\Obj\oscill.o
Удален файл - C:\!\!\F1\!83\v10.05\Project\Example\MDK-ARM\Obj\retarget.o
Удален файл - C:\!\!\F1\!83\v10.05\Project\Example\MDK-ARM\Obj\rtc.o
Удален файл - C:\!\!\F1\!83\v10.05\Project\Example\MDK-ARM\Obj\startup_stm32f10x_md.o
Удален файл - C:\!\!\F1\!83\v10.05\Project\Example\MDK-ARM\Obj\stm32f10x_adc.o
Удален файл - C:\!\!\F1\!83\v10.05\Project\Example\MDK-ARM\Obj\stm32f10x_bkp.o
Удален файл - C:\!\!\F1\!83\v10.05\Project\Example\MDK-ARM\Obj\stm32f10x_can.o
Удален файл - C:\!\!\F1\!83\v10.05\Project\Example\MDK-ARM\Obj\stm32f10x_cec.o
Удален файл - C:\!\!\F1\!83\v10.05\Project\Example\MDK-ARM\Obj\stm32f10x_crc.o
Удален файл - C:\!\!\F1\!83\v10.05\Project\Example\MDK-ARM\Obj\stm32f10x_dac.o
Удален файл - C:\!\!\F1\!83\v10.05\Project\Example\MDK-ARM\Obj\stm32f10x_dbgmcu.o
Удален файл - C:\!\!\F1\!83\v10.05\Project\Example\MDK-ARM\Obj\stm32f10x_dma.o
Удален файл - C:\!\!\F1\!83\v10.05\Project\Example\MDK-ARM\Obj\stm32f10x_exti.o
Удален файл - C:\!\!\F1\!83\v10.05\Project\Example\MDK-ARM\Obj\stm32f10x_flash.o
Удален файл - C:\!\!\F1\!83\v10.05\Project\Example\MDK-ARM\Obj\stm32f10x_fsmc.o
Удален файл - C:\!\!\F1\!83\v10.05\Project\Example\MDK-ARM\Obj\stm32f10x_gpio.o
Удален файл - C:\!\!\F1\!83\v10.05\Project\Example\MDK-ARM\Obj\stm32f10x_i2c.o
Удален файл - C:\!\!\F1\!83\v10.05\Project\Example\MDK-ARM\Obj\stm32f10x_iwdg.o
Удален файл - C:\!\!\F1\!83\v10.05\Project\Example\MDK-ARM\Obj\stm32f10x_pwr.o
Удален файл - C:\!\!\F1\!83\v10.05\Project\Example\MDK-ARM\Obj\stm32f10x_rcc.o
Удален файл - C:\!\!\F1\!83\v10.05\Project\Example\MDK-ARM\Obj\stm32f10x_rtc.o
Удален файл - C:\!\!\F1\!83\v10.05\Project\Example\MDK-ARM\Obj\stm32f10x_sdio.o
Удален файл - C:\!\!\F1\!83\v10.05\Project\Example\MDK-ARM\Obj\stm32f10x_spi.o
Удален файл - C:\!\!\F1\!83\v10.05\Project\Example\MDK-ARM\Obj\stm32f10x_tim.o
Удален файл - C:\!\!\F1\!83\v10.05\Project\Example\MDK-ARM\Obj\stm32f10x_usart.o
Удален файл - C:\!\!\F1\!83\v10.05\Project\Example\MDK-ARM\Obj\stm32f10x_wwdg.o
Удален файл - C:\!\!\F1\!83\v10.05\Project\Example\MDK-ARM\Obj\system_stm32f10x.o
Удален файл - C:\!\!\F1\!83\v10.05\Project\Example\MDK-ARM\Obj\table1.o
Удален файл - C:\!\!\F1\!83\v10.05\Project\Example\MDK-ARM\Obj\time.o
Удален файл - C:\!\!\F1\!83\v10.05\Project\Example\MDK-ARM\Obj\uart.o
C:\!\!\F1\!83\v10.05\Project\Example\MDK-ARM>del *.d /s 
Удален файл - C:\!\!\F1\!83\v10.05\Project\Example\MDK-ARM\Obj\adc.d
Удален файл - C:\!\!\F1\!83\v10.05\Project\Example\MDK-ARM\Obj\core_cm3.d
Удален файл - C:\!\!\F1\!83\v10.05\Project\Example\MDK-ARM\Obj\crc16.d
Удален файл - C:\!\!\F1\!83\v10.05\Project\Example\MDK-ARM\Obj\dft.d
Удален файл - C:\!\!\F1\!83\v10.05\Project\Example\MDK-ARM\Obj\flash.d
Удален файл - C:\!\!\F1\!83\v10.05\Project\Example\MDK-ARM\Obj\fram.d
Удален файл - C:\!\!\F1\!83\v10.05\Project\Example\MDK-ARM\Obj\main.d
Удален файл - C:\!\!\F1\!83\v10.05\Project\Example\MDK-ARM\Obj\misc.d
Удален файл - C:\!\!\F1\!83\v10.05\Project\Example\MDK-ARM\Obj\oscill.d
Удален файл - C:\!\!\F1\!83\v10.05\Project\Example\MDK-ARM\Obj\retarget.d
Удален файл - C:\!\!\F1\!83\v10.05\Project\Example\MDK-ARM\Obj\rtc.d
Удален файл - C:\!\!\F1\!83\v10.05\Project\Example\MDK-ARM\Obj\startup_stm32f10x_md.d
Удален файл - C:\!\!\F1\!83\v10.05\Project\Example\MDK-ARM\Obj\stm32f10x_adc.d
Удален файл - C:\!\!\F1\!83\v10.05\Project\Example\MDK-ARM\Obj\stm32f10x_bkp.d
Удален файл - C:\!\!\F1\!83\v10.05\Project\Example\MDK-ARM\Obj\stm32f10x_can.d
Удален файл - C:\!\!\F1\!83\v10.05\Project\Example\MDK-ARM\Obj\stm32f10x_cec.d
Удален файл - C:\!\!\F1\!83\v10.05\Project\Example\MDK-ARM\Obj\stm32f10x_crc.d
Удален файл - C:\!\!\F1\!83\v10.05\Project\Example\MDK-ARM\Obj\stm32f10x_dac.d
Удален файл - C:\!\!\F1\!83\v10.05\Project\Example\MDK-ARM\Obj\stm32f10x_dbgmcu.d
Удален файл - C:\!\!\F1\!83\v10.05\Project\Example\MDK-ARM\Obj\stm32f10x_dma.d
Удален файл - C:\!\!\F1\!83\v10.05\Project\Example\MDK-ARM\Obj\stm32f10x_exti.d
Удален файл - C:\!\!\F1\!83\v10.05\Project\Example\MDK-ARM\Obj\stm32f10x_flash.d
Удален файл - C:\!\!\F1\!83\v10.05\Project\Example\MDK-ARM\Obj\stm32f10x_fsmc.d
Удален файл - C:\!\!\F1\!83\v10.05\Project\Example\MDK-ARM\Obj\stm32f10x_gpio.d
Удален файл - C:\!\!\F1\!83\v10.05\Project\Example\MDK-ARM\Obj\stm32f10x_i2c.d
Удален файл - C:\!\!\F1\!83\v10.05\Project\Example\MDK-ARM\Obj\stm32f10x_iwdg.d
Удален файл - C:\!\!\F1\!83\v10.05\Project\Example\MDK-ARM\Obj\stm32f10x_pwr.d
Удален файл - C:\!\!\F1\!83\v10.05\Project\Example\MDK-ARM\Obj\stm32f10x_rcc.d
Удален файл - C:\!\!\F1\!83\v10.05\Project\Example\MDK-ARM\Obj\stm32f10x_rtc.d
Удален файл - C:\!\!\F1\!83\v10.05\Project\Example\MDK-ARM\Obj\stm32f10x_sdio.d
Удален файл - C:\!\!\F1\!83\v10.05\Project\Example\MDK-ARM\Obj\stm32f10x_spi.d
Удален файл - C:\!\!\F1\!83\v10.05\Project\Example\MDK-ARM\Obj\stm32f10x_tim.d
Удален файл - C:\!\!\F1\!83\v10.05\Project\Example\MDK-ARM\Obj\stm32f10x_usart.d
Удален файл - C:\!\!\F1\!83\v10.05\Project\Example\MDK-ARM\Obj\stm32f10x_wwdg.d
Удален файл - C:\!\!\F1\!83\v10.05\Project\Example\MDK-ARM\Obj\system_stm32f10x.d
Удален файл - C:\!\!\F1\!83\v10.05\Project\Example\MDK-ARM\Obj\table1.d
Удален файл - C:\!\!\F1\!83\v10.05\Project\Example\MDK-ARM\Obj\time.d
Удален файл - C:\!\!\F1\!83\v10.05\Project\Example\MDK-ARM\Obj\uart.d
C:\!\!\F1\!83\v10.05\Project\Example\MDK-ARM>del *.tra /s 
Не удается найти C:\!\!\F1\!83\v10.05\Project\Example\MDK-ARM\*.tra
C:\!\!\F1\!83\v10.05\Project\Example\MDK-ARM>del *.dep /s            
Не удается найти C:\!\!\F1\!83\v10.05\Project\Example\MDK-ARM\*.dep
C:\!\!\F1\!83\v10.05\Project\Example\MDK-ARM>del JLinkLog.txt /s 
Не удается найти C:\!\!\F1\!83\v10.05\Project\Example\MDK-ARM\JLinkLog.txt
C:\!\!\F1\!83\v10.05\Project\Example\MDK-ARM>del *.iex /s 
Не удается найти C:\!\!\F1\!83\v10.05\Project\Example\MDK-ARM\*.iex
C:\!\!\F1\!83\v10.05\Project\Example\MDK-ARM>del *.htm /s 
C:\!\!\F1\!83\v10.05\Project\Example\MDK-ARM\Obj\STM32F103C8.build_log.htm
Процесс не может получить доступ к файлу, так как этот файл занят другим процессом.
C:\!\!\F1\!83\v10.05\Project\Example\MDK-ARM>del *.sct /s 
Удален файл - C:\!\!\F1\!83\v10.05\Project\Example\MDK-ARM\Obj\STM32F103C8.sct
C:\!\!\F1\!83\v10.05\Project\Example\MDK-ARM>del *.map /s 
Не удается найти C:\!\!\F1\!83\v10.05\Project\Example\MDK-ARM\*.map
C:\!\!\F1\!83\v10.05\Project\Example\MDK-ARM>del *.txt /s 
Не удается найти C:\!\!\F1\!83\v10.05\Project\Example\MDK-ARM\*.txt
C:\!\!\F1\!83\v10.05\Project\Example\MDK-ARM>exit
".\Obj\STM32F103C8.axf" - 0 Error(s), 0 Warning(s).
</pre>
</body>
</html>
